# __generated__ by OpenTofu
# Please review these resources and move them into your main configuration files.

# __generated__ by OpenTofu from "bar"
resource "test_instance" "foo" {
  ami = null
}
